BF16 adv->k residuals: [(0.0, 5260)] max 0.0
NVFP4 adv->k residuals: [(0.0, 5784)] max 0.0
== BF16
  pv=66 n=32 blocks=[16, 16] lines=[(1056, 1071), (1120, 1135)] same_prompts_across_blocks=True prompts_per_block=[8, 8] gids=[[528, 529, 530, 531, 532, 533, 534, 535], [0, 1, 2, 3, 4, 5, 6, 7]]
  pv=67 n=32 blocks=[16, 16] lines=[(1072, 1087), (1136, 1151)] same_prompts_across_blocks=True prompts_per_block=[8, 8] gids=[[536, 537, 538, 539, 540, 541, 542, 543], [8, 9, 10, 11, 12, 13, 14, 15]]
  pv=68 n=32 blocks=[16, 16] lines=[(1088, 1103), (1152, 1167)] same_prompts_across_blocks=True prompts_per_block=[8, 8] gids=[[544, 545, 546, 547, 548, 549, 550, 551], [16, 17, 18, 19, 20, 21, 22, 23]]
  pv=69 n=32 blocks=[16, 16] lines=[(1104, 1119), (1168, 1183)] same_prompts_across_blocks=True prompts_per_block=[8, 8] gids=[[552, 553, 554, 555, 556, 557, 558, 559], [24, 25, 26, 27, 28, 29, 30, 31]]
  pv=125 n=32 blocks=[16, 16] lines=[(2064, 2079), (2114, 2129)] same_prompts_across_blocks=True prompts_per_block=[8, 8] gids=[[472, 473, 474, 475, 476, 477, 478, 479], [0, 1, 2, 3, 4, 5, 6, 7]]
  pv=126 n=32 blocks=[16, 16] lines=[(2080, 2095), (2130, 2145)] same_prompts_across_blocks=True prompts_per_block=[8, 8] gids=[[480, 481, 482, 483, 484, 485, 486, 487], [8, 9, 10, 11, 12, 13, 14, 15]]
  pv=127 n=32 blocks=[16, 16] lines=[(2096, 2111), (2146, 2161)] same_prompts_across_blocks=True prompts_per_block=[8, 8] gids=[[488, 489, 490, 491, 492, 493, 494, 495], [16, 17, 18, 19, 20, 21, 22, 23]]
  pv=128 n=18 blocks=[2, 16] lines=[(2112, 2113), (2162, 2177)] same_prompts_across_blocks=False prompts_per_block=[1, 8] gids=[[502], [24, 25, 26, 27, 28, 29, 30, 31]]
  pv=184 n=32 blocks=[16, 16] lines=[(3058, 3073), (3106, 3121)] same_prompts_across_blocks=True prompts_per_block=[8, 8] gids=[[472, 473, 474, 475, 476, 477, 478, 479], [0, 1, 2, 3, 4, 5, 6, 7]]
  pv=185 n=32 blocks=[16, 16] lines=[(3074, 3089), (3122, 3137)] same_prompts_across_blocks=True prompts_per_block=[8, 8] gids=[[480, 481, 482, 483, 484, 485, 486, 487], [8, 9, 10, 11, 12, 13, 14, 15]]
  pv=186 n=32 blocks=[16, 16] lines=[(3090, 3105), (3138, 3153)] same_prompts_across_blocks=True prompts_per_block=[8, 8] gids=[[488, 489, 490, 491, 492, 493, 494, 495], [16, 17, 18, 19, 20, 21, 22, 23]]
  pv=247 n=32 blocks=[16, 16] lines=[(4114, 4129), (4180, 4195)] same_prompts_across_blocks=True prompts_per_block=[8, 8] gids=[[504, 505, 506, 507, 508, 509, 510, 511], [0, 1, 2, 3, 4, 5, 6, 7]]
  pv=248 n=32 blocks=[16, 16] lines=[(4130, 4145), (4196, 4211)] same_prompts_across_blocks=True prompts_per_block=[8, 8] gids=[[512, 513, 514, 515, 516, 517, 518, 519], [8, 9, 10, 11, 12, 13, 14, 15]]
  pv=249 n=32 blocks=[16, 16] lines=[(4146, 4161), (4212, 4227)] same_prompts_across_blocks=True prompts_per_block=[8, 8] gids=[[520, 521, 522, 523, 524, 525, 526, 527], [16, 17, 18, 19, 20, 21, 22, 23]]
  pv=250 n=32 blocks=[16, 16] lines=[(4162, 4177), (4228, 4243)] same_prompts_across_blocks=True prompts_per_block=[8, 8] gids=[[528, 529, 530, 531, 532, 533, 534, 535], [24, 25, 26, 27, 28, 29, 30, 31]]
  pv=251 n=18 blocks=[2, 16] lines=[(4178, 4179), (4244, 4259)] same_prompts_across_blocks=False prompts_per_block=[1, 8] gids=[[541], [32, 33, 34, 35, 36, 37, 38, 39]]
  pv=308 n=32 blocks=[16, 16] lines=[(5156, 5171), (5224, 5239)] same_prompts_across_blocks=True prompts_per_block=[8, 8] gids=[[488, 489, 490, 491, 492, 493, 494, 495], [0, 1, 2, 3, 4, 5, 6, 7]]
  pv=309 n=32 blocks=[16, 16] lines=[(5172, 5187), (5240, 5255)] same_prompts_across_blocks=True prompts_per_block=[8, 8] gids=[[496, 497, 498, 499, 500, 501, 502, 503], [8, 9, 10, 11, 12, 13, 14, 15]]
  pv=310 n=20 blocks=[16, 4] lines=[(5188, 5203), (5256, 5259)] same_prompts_across_blocks=False prompts_per_block=[8, 2] gids=[[504, 505, 506, 507, 508, 509, 510, 511], [16, 18]]
  pv=312 n=4 blocks=[4] lines=[(5220, 5223)] same_prompts_across_blocks=True prompts_per_block=[2] gids=[[520, 523]]
== NVFP4
  pv=29 n=32 blocks=[16, 16] lines=[(464, 479), (486, 501)] same_prompts_across_blocks=True prompts_per_block=[8, 8] gids=[[232, 233, 234, 235, 236, 237, 238, 239], [0, 1, 2, 3, 4, 5, 6, 7]]
  pv=30 n=22 blocks=[6, 16] lines=[(480, 485), (502, 517)] same_prompts_across_blocks=False prompts_per_block=[3, 8] gids=[[240, 243, 246], [8, 9, 10, 11, 12, 13, 14, 15]]
  pv=69 n=48 blocks=[16, 16, 16] lines=[(1126, 1141), (1162, 1177), (1658, 1673)] same_prompts_across_blocks=True prompts_per_block=[8, 8, 8] gids=[[320, 321, 322, 323, 324, 325, 326, 327], [0, 1, 2, 3, 4, 5, 6, 7], [0, 1, 2, 3, 4, 5, 6, 7]]
  pv=70 n=48 blocks=[16, 16, 16] lines=[(1142, 1157), (1178, 1193), (1674, 1689)] same_prompts_across_blocks=True prompts_per_block=[8, 8, 8] gids=[[328, 329, 330, 331, 332, 333, 334, 335], [8, 9, 10, 11, 12, 13, 14, 15], [8, 9, 10, 11, 12, 13, 14, 15]]
  pv=71 n=36 blocks=[4, 16, 16] lines=[(1158, 1161), (1194, 1209), (1690, 1705)] same_prompts_across_blocks=False prompts_per_block=[2, 8, 8] gids=[[339, 340], [16, 17, 18, 19, 20, 21, 22, 23], [16, 17, 18, 19, 20, 21, 22, 23]]
  pv=72 n=32 blocks=[16, 16] lines=[(1210, 1225), (1706, 1721)] same_prompts_across_blocks=True prompts_per_block=[8, 8] gids=[[24, 25, 26, 27, 28, 29, 30, 31], [24, 25, 26, 27, 28, 29, 30, 31]]
  pv=73 n=32 blocks=[16, 16] lines=[(1226, 1241), (1722, 1737)] same_prompts_across_blocks=True prompts_per_block=[8, 8] gids=[[32, 33, 34, 35, 36, 37, 38, 39], [32, 33, 34, 35, 36, 37, 38, 39]]
  pv=74 n=32 blocks=[16, 16] lines=[(1242, 1257), (1738, 1753)] same_prompts_across_blocks=True prompts_per_block=[8, 8] gids=[[40, 41, 42, 43, 44, 45, 46, 47], [40, 41, 42, 43, 44, 45, 46, 47]]
  pv=75 n=32 blocks=[16, 16] lines=[(1258, 1273), (1754, 1769)] same_prompts_across_blocks=True prompts_per_block=[8, 8] gids=[[48, 49, 50, 51, 52, 53, 54, 55], [48, 49, 50, 51, 52, 53, 54, 55]]
  pv=76 n=32 blocks=[16, 16] lines=[(1274, 1289), (1770, 1785)] same_prompts_across_blocks=True prompts_per_block=[8, 8] gids=[[56, 57, 58, 59, 60, 61, 62, 63], [56, 57, 58, 59, 60, 61, 62, 63]]
  pv=77 n=32 blocks=[16, 16] lines=[(1290, 1305), (1786, 1801)] same_prompts_across_blocks=True prompts_per_block=[8, 8] gids=[[64, 65, 66, 67, 68, 69, 70, 71], [64, 65, 66, 67, 68, 69, 70, 71]]
  pv=78 n=32 blocks=[16, 16] lines=[(1306, 1321), (1802, 1817)] same_prompts_across_blocks=True prompts_per_block=[8, 8] gids=[[72, 73, 74, 75, 76, 77, 78, 79], [72, 73, 74, 75, 76, 77, 78, 79]]
  pv=79 n=32 blocks=[16, 16] lines=[(1322, 1337), (1818, 1833)] same_prompts_across_blocks=True prompts_per_block=[8, 8] gids=[[80, 81, 82, 83, 84, 85, 86, 87], [80, 81, 82, 83, 84, 85, 86, 87]]
  pv=80 n=32 blocks=[16, 16] lines=[(1338, 1353), (1834, 1849)] same_prompts_across_blocks=True prompts_per_block=[8, 8] gids=[[88, 89, 90, 91, 92, 93, 94, 95], [88, 89, 90, 91, 92, 93, 94, 95]]
  pv=81 n=32 blocks=[16, 16] lines=[(1354, 1369), (1850, 1865)] same_prompts_across_blocks=True prompts_per_block=[8, 8] gids=[[96, 97, 98, 99, 100, 101, 102, 103], [96, 97, 98, 99, 100, 101, 102, 103]]
  pv=82 n=32 blocks=[16, 16] lines=[(1370, 1385), (1866, 1881)] same_prompts_across_blocks=True prompts_per_block=[8, 8] gids=[[104, 105, 106, 107, 108, 109, 110, 111], [104, 105, 106, 107, 108, 109, 110, 111]]
  pv=83 n=32 blocks=[16, 16] lines=[(1386, 1401), (1882, 1897)] same_prompts_across_blocks=True prompts_per_block=[8, 8] gids=[[112, 113, 114, 115, 116, 117, 118, 119], [112, 113, 114, 115, 116, 117, 118, 119]]
  pv=84 n=32 blocks=[16, 16] lines=[(1402, 1417), (1898, 1913)] same_prompts_across_blocks=True prompts_per_block=[8, 8] gids=[[120, 121, 122, 123, 124, 125, 126, 127], [120, 121, 122, 123, 124, 125, 126, 127]]
  pv=85 n=32 blocks=[16, 16] lines=[(1418, 1433), (1914, 1929)] same_prompts_across_blocks=True prompts_per_block=[8, 8] gids=[[128, 129, 130, 131, 132, 133, 134, 135], [128, 129, 130, 131, 132, 133, 134, 135]]
  pv=86 n=32 blocks=[16, 16] lines=[(1434, 1449), (1930, 1945)] same_prompts_across_blocks=True prompts_per_block=[8, 8] gids=[[136, 137, 138, 139, 140, 141, 142, 143], [136, 137, 138, 139, 140, 141, 142, 143]]
  pv=87 n=32 blocks=[16, 16] lines=[(1450, 1465), (1946, 1961)] same_prompts_across_blocks=True prompts_per_block=[8, 8] gids=[[144, 145, 146, 147, 148, 149, 150, 151], [144, 145, 146, 147, 148, 149, 150, 151]]
  pv=88 n=32 blocks=[16, 16] lines=[(1466, 1481), (1962, 1977)] same_prompts_across_blocks=True prompts_per_block=[8, 8] gids=[[152, 153, 154, 155, 156, 157, 158, 159], [152, 153, 154, 155, 156, 157, 158, 159]]
  pv=89 n=32 blocks=[16, 16] lines=[(1482, 1497), (1978, 1993)] same_prompts_across_blocks=True prompts_per_block=[8, 8] gids=[[160, 161, 162, 163, 164, 165, 166, 167], [160, 161, 162, 163, 164, 165, 166, 167]]
  pv=90 n=32 blocks=[16, 16] lines=[(1498, 1513), (1994, 2009)] same_prompts_across_blocks=True prompts_per_block=[8, 8] gids=[[168, 169, 170, 171, 172, 173, 174, 175], [168, 169, 170, 171, 172, 173, 174, 175]]
  pv=91 n=32 blocks=[16, 16] lines=[(1514, 1529), (2010, 2025)] same_prompts_across_blocks=True prompts_per_block=[8, 8] gids=[[176, 177, 178, 179, 180, 181, 182, 183], [176, 177, 178, 179, 180, 181, 182, 183]]
  pv=92 n=32 blocks=[16, 16] lines=[(1530, 1545), (2026, 2041)] same_prompts_across_blocks=True prompts_per_block=[8, 8] gids=[[184, 185, 186, 187, 188, 189, 190, 191], [184, 185, 186, 187, 188, 189, 190, 191]]
  pv=93 n=32 blocks=[16, 16] lines=[(1546, 1561), (2042, 2057)] same_prompts_across_blocks=True prompts_per_block=[8, 8] gids=[[192, 193, 194, 195, 196, 197, 198, 199], [192, 193, 194, 195, 196, 197, 198, 199]]
  pv=94 n=32 blocks=[16, 16] lines=[(1562, 1577), (2058, 2073)] same_prompts_across_blocks=True prompts_per_block=[8, 8] gids=[[200, 201, 202, 203, 204, 205, 206, 207], [200, 201, 202, 203, 204, 205, 206, 207]]
  pv=95 n=32 blocks=[16, 16] lines=[(1578, 1593), (2074, 2089)] same_prompts_across_blocks=True prompts_per_block=[8, 8] gids=[[208, 209, 210, 211, 212, 213, 214, 215], [208, 209, 210, 211, 212, 213, 214, 215]]
  pv=96 n=32 blocks=[16, 16] lines=[(1594, 1609), (2090, 2105)] same_prompts_across_blocks=True prompts_per_block=[8, 8] gids=[[216, 217, 218, 219, 220, 221, 222, 223], [216, 217, 218, 219, 220, 221, 222, 223]]
  pv=97 n=32 blocks=[16, 16] lines=[(1610, 1625), (2106, 2121)] same_prompts_across_blocks=True prompts_per_block=[8, 8] gids=[[224, 225, 226, 227, 228, 229, 230, 231], [224, 225, 226, 227, 228, 229, 230, 231]]
  pv=98 n=32 blocks=[16, 16] lines=[(1626, 1641), (2122, 2137)] same_prompts_across_blocks=True prompts_per_block=[8, 8] gids=[[232, 233, 234, 235, 236, 237, 238, 239], [232, 233, 234, 235, 236, 237, 238, 239]]
  pv=99 n=32 blocks=[16, 16] lines=[(1642, 1657), (2138, 2153)] same_prompts_across_blocks=True prompts_per_block=[8, 8] gids=[[240, 241, 242, 243, 244, 245, 246, 247], [240, 241, 242, 243, 244, 245, 246, 247]]
  pv=105 n=32 blocks=[16, 16] lines=[(2234, 2249), (2266, 2281)] same_prompts_across_blocks=True prompts_per_block=[8, 8] gids=[[288, 289, 290, 291, 292, 293, 294, 295], [0, 1, 2, 3, 4, 5, 6, 7]]
  pv=106 n=32 blocks=[16, 16] lines=[(2250, 2265), (2282, 2297)] same_prompts_across_blocks=True prompts_per_block=[8, 8] gids=[[296, 297, 298, 299, 300, 301, 302, 303], [8, 9, 10, 11, 12, 13, 14, 15]]
  pv=147 n=32 blocks=[16, 16] lines=[(2938, 2953), (2970, 2985)] same_prompts_across_blocks=True prompts_per_block=[8, 8] gids=[[336, 337, 338, 339, 340, 341, 342, 343], [0, 1, 2, 3, 4, 5, 6, 7]]
  pv=148 n=32 blocks=[16, 16] lines=[(2954, 2969), (2986, 3001)] same_prompts_across_blocks=True prompts_per_block=[8, 8] gids=[[344, 345, 346, 347, 348, 349, 350, 351], [8, 9, 10, 11, 12, 13, 14, 15]]
  pv=188 n=32 blocks=[16, 16] lines=[(3626, 3641), (3666, 3681)] same_prompts_across_blocks=True prompts_per_block=[8, 8] gids=[[328, 329, 330, 331, 332, 333, 334, 335], [0, 1, 2, 3, 4, 5, 6, 7]]
  pv=189 n=32 blocks=[16, 16] lines=[(3642, 3657), (3682, 3697)] same_prompts_across_blocks=True prompts_per_block=[8, 8] gids=[[336, 337, 338, 339, 340, 341, 342, 343], [8, 9, 10, 11, 12, 13, 14, 15]]
  pv=190 n=24 blocks=[8, 16] lines=[(3658, 3665), (3698, 3713)] same_prompts_across_blocks=False prompts_per_block=[4, 8] gids=[[344, 345, 346, 351], [16, 17, 18, 19, 20, 21, 22, 23]]
  pv=226 n=32 blocks=[16, 16] lines=[(4274, 4289), (4310, 4325)] same_prompts_across_blocks=True prompts_per_block=[8, 8] gids=[[304, 305, 306, 307, 308, 309, 310, 311], [0, 1, 2, 3, 4, 5, 6, 7]]
  pv=227 n=32 blocks=[16, 16] lines=[(4290, 4305), (4326, 4341)] same_prompts_across_blocks=True prompts_per_block=[8, 8] gids=[[312, 313, 314, 315, 316, 317, 318, 319], [8, 9, 10, 11, 12, 13, 14, 15]]
  pv=228 n=20 blocks=[4, 16] lines=[(4306, 4309), (4342, 4357)] same_prompts_across_blocks=False prompts_per_block=[2, 8] gids=[[321, 323], [16, 17, 18, 19, 20, 21, 22, 23]]
  pv=262 n=32 blocks=[16, 16] lines=[(4886, 4901), (4924, 4939)] same_prompts_across_blocks=True prompts_per_block=[8, 8] gids=[[288, 289, 290, 291, 292, 293, 294, 295], [0, 1, 2, 3, 4, 5, 6, 7]]
  pv=263 n=32 blocks=[16, 16] lines=[(4902, 4917), (4940, 4955)] same_prompts_across_blocks=True prompts_per_block=[8, 8] gids=[[296, 297, 298, 299, 300, 301, 302, 303], [8, 9, 10, 11, 12, 13, 14, 15]]
  pv=264 n=22 blocks=[6, 16] lines=[(4918, 4923), (4956, 4971)] same_prompts_across_blocks=False prompts_per_block=[3, 8] gids=[[306, 308, 309], [16, 17, 18, 19, 20, 21, 22, 23]]
  pv=302 n=32 blocks=[16, 16] lines=[(5564, 5579), (5600, 5615)] same_prompts_across_blocks=True prompts_per_block=[8, 8] gids=[[320, 321, 322, 323, 324, 325, 326, 327], [0, 1, 2, 3, 4, 5, 6, 7]]
  pv=303 n=32 blocks=[16, 16] lines=[(5580, 5595), (5616, 5631)] same_prompts_across_blocks=True prompts_per_block=[8, 8] gids=[[328, 329, 330, 331, 332, 333, 334, 335], [8, 9, 10, 11, 12, 13, 14, 15]]
  pv=304 n=20 blocks=[4, 16] lines=[(5596, 5599), (5632, 5647)] same_prompts_across_blocks=False prompts_per_block=[2, 8] gids=[[337, 341], [16, 17, 18, 19, 20, 21, 22, 23]]
  pv=313 n=8 blocks=[8] lines=[(5776, 5783)] same_prompts_across_blocks=True prompts_per_block=[4] gids=[[88, 90, 91, 95]]
pv-aligned prompt sets 0..300: full match 301 partial 0 none 0
details: []
distinct prompts B 2498 N 2508 intersection 2498
pv offset (N-B) for common prompts: [(0, 2498)]
