    block   run boxed% all boxed% max-samp reward1 n boxed|r=1 latex$|r=1 neither|r=1 | known-truth r=0 completed:    n rightval-unboxed rightval-boxed wrongval  noans
   1-50    BF16     25.9%          41.0%       149     96.0%       1.3%        2.7% |                          142       55  38.7%      2   1.4%       85      0
   1-50   NVFP4     18.6%          30.5%       112     92.0%       0.9%        7.1% |                          162       41  25.3%      0   0.0%      120      1
  51-100   BF16     26.8%          41.5%       153     92.8%       2.0%        5.2% |                          141       57  40.4%      2   1.4%       81      1
  51-100  NVFP4     20.6%          33.0%       117     94.0%       0.9%        5.1% |                          183       54  29.5%      2   1.1%      127      0
 101-150   BF16     35.0%          55.0%       204     95.6%       2.0%        2.5% |                          163       56  34.4%      1   0.6%      105      1
 101-150  NVFP4     21.4%          34.8%       122     93.4%       1.6%        4.9% |                          235       66  28.1%      1   0.4%      167      1
 151-200   BF16     36.8%          55.0%       204     97.5%       1.0%        1.5% |                          134       43  32.1%      0   0.0%       91      0
 151-200  NVFP4     20.2%          33.0%       118     94.9%       1.7%        3.4% |                          207       57  27.5%      2   1.0%      147      1
 201-250   BF16     42.1%          60.2%       220     95.5%       1.4%        3.2% |                          136       44  32.4%      1   0.7%       91      0
 201-250  NVFP4     20.1%          31.2%       111     91.9%       3.6%        4.5% |                          235       62  26.4%      0   0.0%      172      1
 251-300   BF16     46.6%          65.8%       256     97.7%       0.8%        1.6% |                          143       49  34.3%      1   0.7%       92      1
 251-300  NVFP4     25.5%          39.0%       139     92.1%       1.4%        6.5% |                          248       60  24.2%      0   0.0%      184      4
   1-300   BF16     35.5%          53.1%      1186     96.0%       1.3%        2.6% |                          859      304  35.4%      7   0.8%      545      3
   1-300  NVFP4     21.1%          33.6%       719     93.0%       1.7%        5.3% |                         1270      340  26.8%      5   0.4%      917      8

=== on prompts B>=1 & N=0 (truth known from BF16): NVFP4's two recorded samples ===
 1-50: n_samples=110 wrong value=60 (55%), truncated=32 (29%), RIGHT value, unextractable (no boxed/latex)=18 (16%)
 51-100: n_samples=124 wrong value=68 (55%), truncated=32 (26%), RIGHT value, unextractable (no boxed/latex)=24 (19%)
 101-150: n_samples=182 wrong value=101 (55%), truncated=41 (23%), RIGHT value, unextractable (no boxed/latex)=40 (22%)
 151-200: n_samples=170 wrong value=94 (55%), truncated=46 (27%), RIGHT value, unextractable (no boxed/latex)=29 (17%), no Answer line=1 (1%)
 201-250: n_samples=202 wrong value=111 (55%), truncated=51 (25%), RIGHT value, unextractable (no boxed/latex)=39 (19%), no Answer line=1 (0%)
 251-300: n_samples=192 wrong value=122 (64%), truncated=39 (20%), RIGHT value, unextractable (no boxed/latex)=31 (16%)
 1-300: n_samples=980 wrong value=556 (57%), truncated=241 (25%), RIGHT value, unextractable (no boxed/latex)=181 (18%), no Answer line=2 (0%)

=== on prompts N>=1 & B=0 (truth from NVFP4): BF16's two recorded samples ===
 1-300: n_samples=176 wrong value=79 (45%), truncated=64 (36%), RIGHT value, unextractable (no boxed/latex)=33 (19%)

=== boxed rate of recorded samples per 25-step window ===
   1-25  BF16 23.2%  NVFP4 16.8%
  26-50  BF16 28.5%  NVFP4 20.5%
  51-75  BF16 26.2%  NVFP4 18.8%
  76-100 BF16 27.3%  NVFP4 22.5%
 101-125 BF16 32.5%  NVFP4 20.2%
 126-150 BF16 37.5%  NVFP4 22.5%
 151-175 BF16 37.2%  NVFP4 21.5%
 176-200 BF16 36.2%  NVFP4 19.0%
 201-225 BF16 46.2%  NVFP4 23.0%
 226-250 BF16 38.0%  NVFP4 17.2%
 251-275 BF16 45.5%  NVFP4 25.0%
 276-300 BF16 47.8%  NVFP4 26.0%
